START TIME: Mon Apr  6 18:26:33 CEST 2026
Mon Apr  6 18:26:35 2026       
+-----------------------------------------------------------------------------------------+
| NVIDIA-SMI 560.35.03              Driver Version: 560.35.03      CUDA Version: 12.6     |
|-----------------------------------------+------------------------+----------------------+
| GPU  Name                 Persistence-M | Bus-Id          Disp.A | Volatile Uncorr. ECC |
| Fan  Temp   Perf          Pwr:Usage/Cap |           Memory-Usage | GPU-Util  Compute M. |
|                                         |                        |               MIG M. |
|=========================================+========================+======================|
|   0  NVIDIA H100 PCIe               On  |   00000000:E1:00.0 Off |                    0 |
| N/A   34C    P0             54W /  350W |       1MiB /  81559MiB |      0%      Default |
|                                         |                        |             Disabled |
+-----------------------------------------+------------------------+----------------------+
                                                                                         
+-----------------------------------------------------------------------------------------+
| Processes:                                                                              |
|  GPU   GI   CI        PID   Type   Process name                              GPU Memory |
|        ID   ID                                                               Usage      |
|=========================================================================================|
|  No running processes found                                                             |
+-----------------------------------------------------------------------------------------+
SCRATCH: /scratch/upftfg34/aayguade/2181025/2181025
TORCH CACHE: /scratch/upftfg34/aayguade/2181025/2181025/torchinductor
Loading tokenizer from /data/upftfg34/aayguade/models/IberianLLM-7B-Instruct
Sampling params
END TIME: Mon Apr  6 18:26:54 CEST 2026
